
Segment List
------------

e:\assembler\sessions\test\main.asm[1]    6-   57      8080 -     80B0                 'rom'  [text]
e:\assembler\sessions\test\main.asm[2]   58-   91      8000 -     807F                 'vectit'  [data]
e:\assembler\sessions\test\stm8s105k.asm[2]   16-  330      5000 -     7F76                 'periph2'  [void]


Class List
----------

0 '        ram0'   byte from        0 to FFFFFFFF (lim       FF) =  0% V
0 '        ram1'   byte from      100 to       FF (lim      5FF) =  0% V
0 '       stack'   byte from      600 to      5FF (lim      7FF) =  0% V
0 '      eeprom'   byte from     4000 to     3FFF (lim     43FF) =  0% V
0 '         rom'   byte from     8080 to     80B0 (lim     BFFF) =  0% C
0 '      vectit'   byte from     8000 to     807F (lim     807F) =100% S
0 '      periph'   byte from        0 to FFFFFFFF (lim       7F) =  0% V
0 '     periph2'   byte from     5000 to     7F76 (lim FFFFFFFF) =  0% D



External Label list
-------------------

Symbol Name                       Value     Scope  Def(line)

AWU_CSR                               50F0  WORD  e:\assembler\sessions\test\stm8s105k.asm(126)
AWU_APR                               50F1  WORD  e:\assembler\sessions\test\stm8s105k.asm(127)
AWU_TBR                               50F2  WORD  e:\assembler\sessions\test\stm8s105k.asm(128)
ADC_DB0RH                             53E0  WORD  e:\assembler\sessions\test\stm8s105k.asm(277)
ADC_DB0RL                             53E1  WORD  e:\assembler\sessions\test\stm8s105k.asm(278)
ADC_DB1RH                             53E2  WORD  e:\assembler\sessions\test\stm8s105k.asm(279)
ADC_DB1RL                             53E3  WORD  e:\assembler\sessions\test\stm8s105k.asm(280)
ADC_DB2RH                             53E4  WORD  e:\assembler\sessions\test\stm8s105k.asm(281)
ADC_DB2RL                             53E5  WORD  e:\assembler\sessions\test\stm8s105k.asm(282)
ADC_DB3RH                             53E6  WORD  e:\assembler\sessions\test\stm8s105k.asm(283)
ADC_DB3RL                             53E7  WORD  e:\assembler\sessions\test\stm8s105k.asm(284)
ADC_DB4RH                             53E8  WORD  e:\assembler\sessions\test\stm8s105k.asm(285)
ADC_DB4RL                             53E9  WORD  e:\assembler\sessions\test\stm8s105k.asm(286)
ADC_DB5RH                             53EA  WORD  e:\assembler\sessions\test\stm8s105k.asm(287)
ADC_DB5RL                             53EB  WORD  e:\assembler\sessions\test\stm8s105k.asm(288)
ADC_DB6RH                             53EC  WORD  e:\assembler\sessions\test\stm8s105k.asm(289)
ADC_DB6RL                             53ED  WORD  e:\assembler\sessions\test\stm8s105k.asm(290)
ADC_DB7RH                             53EE  WORD  e:\assembler\sessions\test\stm8s105k.asm(291)
ADC_DB7RL                             53EF  WORD  e:\assembler\sessions\test\stm8s105k.asm(292)
ADC_DB8RH                             53F0  WORD  e:\assembler\sessions\test\stm8s105k.asm(293)
ADC_DB8RL                             53F1  WORD  e:\assembler\sessions\test\stm8s105k.asm(294)
ADC_DB9RH                             53F2  WORD  e:\assembler\sessions\test\stm8s105k.asm(295)
ADC_DB9RL                             53F3  WORD  e:\assembler\sessions\test\stm8s105k.asm(296)
ADC_CSR                               5400  WORD  e:\assembler\sessions\test\stm8s105k.asm(298)
ADC_CR1                               5401  WORD  e:\assembler\sessions\test\stm8s105k.asm(299)
ADC_CR2                               5402  WORD  e:\assembler\sessions\test\stm8s105k.asm(300)
ADC_CR3                               5403  WORD  e:\assembler\sessions\test\stm8s105k.asm(301)
ADC_DRH                               5404  WORD  e:\assembler\sessions\test\stm8s105k.asm(302)
ADC_DRL                               5405  WORD  e:\assembler\sessions\test\stm8s105k.asm(303)
ADC_TDRH                              5406  WORD  e:\assembler\sessions\test\stm8s105k.asm(304)
ADC_TDRL                              5407  WORD  e:\assembler\sessions\test\stm8s105k.asm(305)
ADC_HTRH                              5408  WORD  e:\assembler\sessions\test\stm8s105k.asm(306)
ADC_HTRL                              5409  WORD  e:\assembler\sessions\test\stm8s105k.asm(307)
ADC_LTRH                              540A  WORD  e:\assembler\sessions\test\stm8s105k.asm(308)
ADC_LTRL                              540B  WORD  e:\assembler\sessions\test\stm8s105k.asm(309)
ADC_AWSRH                             540C  WORD  e:\assembler\sessions\test\stm8s105k.asm(310)
ADC_AWSRL                             540D  WORD  e:\assembler\sessions\test\stm8s105k.asm(311)
ADC_AWCRH                             540E  WORD  e:\assembler\sessions\test\stm8s105k.asm(312)
ADC_AWCRL                             540F  WORD  e:\assembler\sessions\test\stm8s105k.asm(313)

BEEP_CSR                              50F3  WORD  e:\assembler\sessions\test\stm8s105k.asm(132)

CLK_ICKR                              50C0  WORD  e:\assembler\sessions\test\stm8s105k.asm(95)
CLK_ECKR                              50C1  WORD  e:\assembler\sessions\test\stm8s105k.asm(96)
CLK_CMSR                              50C3  WORD  e:\assembler\sessions\test\stm8s105k.asm(98)
CLK_SWR                               50C4  WORD  e:\assembler\sessions\test\stm8s105k.asm(99)
CLK_SWCR                              50C5  WORD  e:\assembler\sessions\test\stm8s105k.asm(100)
CLK_CKDIVR                            50C6  WORD  e:\assembler\sessions\test\stm8s105k.asm(101)
CLK_PCKENR1                           50C7  WORD  e:\assembler\sessions\test\stm8s105k.asm(102)
CLK_CSSR                              50C8  WORD  e:\assembler\sessions\test\stm8s105k.asm(103)
CLK_CCOR                              50C9  WORD  e:\assembler\sessions\test\stm8s105k.asm(104)
CLK_PCKENR2                           50CA  WORD  e:\assembler\sessions\test\stm8s105k.asm(105)
CLK_CANCCR                            50CB  WORD  e:\assembler\sessions\test\stm8s105k.asm(106)
CLK_HSITRIMR                          50CC  WORD  e:\assembler\sessions\test\stm8s105k.asm(107)
CLK_SWIMCCR                           50CD  WORD  e:\assembler\sessions\test\stm8s105k.asm(108)
CFG_GCR                               7F60  WORD  e:\assembler\sessions\test\stm8s105k.asm(318)

EXTI_CR1                              50A0  WORD  e:\assembler\sessions\test\stm8s105k.asm(84)
EXTI_CR2                              50A1  WORD  e:\assembler\sessions\test\stm8s105k.asm(85)

FLASH_CR1                             505A  WORD  e:\assembler\sessions\test\stm8s105k.asm(70)
FLASH_CR2                             505B  WORD  e:\assembler\sessions\test\stm8s105k.asm(71)
FLASH_NCR2                            505C  WORD  e:\assembler\sessions\test\stm8s105k.asm(72)
FLASH_FPR                             505D  WORD  e:\assembler\sessions\test\stm8s105k.asm(73)
FLASH_NFPR                            505E  WORD  e:\assembler\sessions\test\stm8s105k.asm(74)
FLASH_IAPSR                           505F  WORD  e:\assembler\sessions\test\stm8s105k.asm(75)
FLASH_PUKR                            5062  WORD  e:\assembler\sessions\test\stm8s105k.asm(77)
FLASH_DUKR                            5064  WORD  e:\assembler\sessions\test\stm8s105k.asm(79)

IWDG_KR                               50E0  WORD  e:\assembler\sessions\test\stm8s105k.asm(119)
IWDG_PR                               50E1  WORD  e:\assembler\sessions\test\stm8s105k.asm(120)
IWDG_RLR                              50E2  WORD  e:\assembler\sessions\test\stm8s105k.asm(121)
I2C_CR1                               5210  WORD  e:\assembler\sessions\test\stm8s105k.asm(149)
I2C_CR2                               5211  WORD  e:\assembler\sessions\test\stm8s105k.asm(150)
I2C_FREQR                             5212  WORD  e:\assembler\sessions\test\stm8s105k.asm(151)
I2C_OARL                              5213  WORD  e:\assembler\sessions\test\stm8s105k.asm(152)
I2C_OARH                              5214  WORD  e:\assembler\sessions\test\stm8s105k.asm(153)
I2C_DR                                5216  WORD  e:\assembler\sessions\test\stm8s105k.asm(155)
I2C_SR1                               5217  WORD  e:\assembler\sessions\test\stm8s105k.asm(156)
I2C_SR2                               5218  WORD  e:\assembler\sessions\test\stm8s105k.asm(157)
I2C_SR3                               5219  WORD  e:\assembler\sessions\test\stm8s105k.asm(158)
I2C_ITR                               521A  WORD  e:\assembler\sessions\test\stm8s105k.asm(159)
I2C_CCRL                              521B  WORD  e:\assembler\sessions\test\stm8s105k.asm(160)
I2C_CCRH                              521C  WORD  e:\assembler\sessions\test\stm8s105k.asm(161)
I2C_TRISER                            521D  WORD  e:\assembler\sessions\test\stm8s105k.asm(162)
I2C_PECR                              521E  WORD  e:\assembler\sessions\test\stm8s105k.asm(163)
ITC_SPR1                              7F70  WORD  e:\assembler\sessions\test\stm8s105k.asm(323)
ITC_SPR2                              7F71  WORD  e:\assembler\sessions\test\stm8s105k.asm(324)
ITC_SPR3                              7F72  WORD  e:\assembler\sessions\test\stm8s105k.asm(325)
ITC_SPR4                              7F73  WORD  e:\assembler\sessions\test\stm8s105k.asm(326)
ITC_SPR5                              7F74  WORD  e:\assembler\sessions\test\stm8s105k.asm(327)
ITC_SPR6                              7F75  WORD  e:\assembler\sessions\test\stm8s105k.asm(328)
ITC_SPR7                              7F76  WORD  e:\assembler\sessions\test\stm8s105k.asm(329)

PD_ODR                                500F  WORD  e:\assembler\sessions\test\stm8s105k.asm(45)
PD_DDR                                5011  WORD  e:\assembler\sessions\test\stm8s105k.asm(47)
PD_CR1                                5012  WORD  e:\assembler\sessions\test\stm8s105k.asm(48)
PA_ODR                                5000  WORD  e:\assembler\sessions\test\stm8s105k.asm(21)
PA_IDR                                5001  WORD  e:\assembler\sessions\test\stm8s105k.asm(22)
PA_DDR                                5002  WORD  e:\assembler\sessions\test\stm8s105k.asm(23)
PA_CR1                                5003  WORD  e:\assembler\sessions\test\stm8s105k.asm(24)
PA_CR2                                5004  WORD  e:\assembler\sessions\test\stm8s105k.asm(25)
PB_ODR                                5005  WORD  e:\assembler\sessions\test\stm8s105k.asm(29)
PB_IDR                                5006  WORD  e:\assembler\sessions\test\stm8s105k.asm(30)
PB_DDR                                5007  WORD  e:\assembler\sessions\test\stm8s105k.asm(31)
PB_CR1                                5008  WORD  e:\assembler\sessions\test\stm8s105k.asm(32)
PB_CR2                                5009  WORD  e:\assembler\sessions\test\stm8s105k.asm(33)
PC_ODR                                500A  WORD  e:\assembler\sessions\test\stm8s105k.asm(37)
PC_IDR                                500B  WORD  e:\assembler\sessions\test\stm8s105k.asm(38)
PC_DDR                                500C  WORD  e:\assembler\sessions\test\stm8s105k.asm(39)
PC_CR1                                500D  WORD  e:\assembler\sessions\test\stm8s105k.asm(40)
PC_CR2                                500E  WORD  e:\assembler\sessions\test\stm8s105k.asm(41)
PD_IDR                                5010  WORD  e:\assembler\sessions\test\stm8s105k.asm(46)
PD_CR2                                5013  WORD  e:\assembler\sessions\test\stm8s105k.asm(49)
PE_ODR                                5014  WORD  e:\assembler\sessions\test\stm8s105k.asm(53)
PE_IDR                                5015  WORD  e:\assembler\sessions\test\stm8s105k.asm(54)
PE_DDR                                5016  WORD  e:\assembler\sessions\test\stm8s105k.asm(55)
PE_CR1                                5017  WORD  e:\assembler\sessions\test\stm8s105k.asm(56)
PE_CR2                                5018  WORD  e:\assembler\sessions\test\stm8s105k.asm(57)
PF_ODR                                5019  WORD  e:\assembler\sessions\test\stm8s105k.asm(61)
PF_IDR                                501A  WORD  e:\assembler\sessions\test\stm8s105k.asm(62)
PF_DDR                                501B  WORD  e:\assembler\sessions\test\stm8s105k.asm(63)
PF_CR1                                501C  WORD  e:\assembler\sessions\test\stm8s105k.asm(64)
PF_CR2                                501D  WORD  e:\assembler\sessions\test\stm8s105k.asm(65)

RST_SR                                50B3  WORD  e:\assembler\sessions\test\stm8s105k.asm(90)

SPI_CR1                               5200  WORD  e:\assembler\sessions\test\stm8s105k.asm(137)
SPI_CR2                               5201  WORD  e:\assembler\sessions\test\stm8s105k.asm(138)
SPI_ICR                               5202  WORD  e:\assembler\sessions\test\stm8s105k.asm(139)
SPI_SR                                5203  WORD  e:\assembler\sessions\test\stm8s105k.asm(140)
SPI_DR                                5204  WORD  e:\assembler\sessions\test\stm8s105k.asm(141)
SPI_CRCPR                             5205  WORD  e:\assembler\sessions\test\stm8s105k.asm(142)
SPI_RXCRCR                            5206  WORD  e:\assembler\sessions\test\stm8s105k.asm(143)
SPI_TXCRCR                            5207  WORD  e:\assembler\sessions\test\stm8s105k.asm(144)

TIM1_CR1                              5250  WORD  e:\assembler\sessions\test\stm8s105k.asm(184)
TIM1_CR2                              5251  WORD  e:\assembler\sessions\test\stm8s105k.asm(185)
TIM1_SMCR                             5252  WORD  e:\assembler\sessions\test\stm8s105k.asm(186)
TIM1_ETR                              5253  WORD  e:\assembler\sessions\test\stm8s105k.asm(187)
TIM1_IER                              5254  WORD  e:\assembler\sessions\test\stm8s105k.asm(188)
TIM1_SR1                              5255  WORD  e:\assembler\sessions\test\stm8s105k.asm(189)
TIM1_SR2                              5256  WORD  e:\assembler\sessions\test\stm8s105k.asm(190)
TIM1_EGR                              5257  WORD  e:\assembler\sessions\test\stm8s105k.asm(191)
TIM1_CCMR1                            5258  WORD  e:\assembler\sessions\test\stm8s105k.asm(192)
TIM1_CCMR2                            5259  WORD  e:\assembler\sessions\test\stm8s105k.asm(193)
TIM1_CCMR3                            525A  WORD  e:\assembler\sessions\test\stm8s105k.asm(194)
TIM1_CCMR4                            525B  WORD  e:\assembler\sessions\test\stm8s105k.asm(195)
TIM1_CCER1                            525C  WORD  e:\assembler\sessions\test\stm8s105k.asm(196)
TIM1_CCER2                            525D  WORD  e:\assembler\sessions\test\stm8s105k.asm(197)
TIM1_CNTRH                            525E  WORD  e:\assembler\sessions\test\stm8s105k.asm(198)
TIM1_CNTRL                            525F  WORD  e:\assembler\sessions\test\stm8s105k.asm(199)
TIM1_PSCRH                            5260  WORD  e:\assembler\sessions\test\stm8s105k.asm(200)
TIM1_PSCRL                            5261  WORD  e:\assembler\sessions\test\stm8s105k.asm(201)
TIM1_ARRH                             5262  WORD  e:\assembler\sessions\test\stm8s105k.asm(202)
TIM1_ARRL                             5263  WORD  e:\assembler\sessions\test\stm8s105k.asm(203)
TIM1_RCR                              5264  WORD  e:\assembler\sessions\test\stm8s105k.asm(204)
TIM1_CCR1H                            5265  WORD  e:\assembler\sessions\test\stm8s105k.asm(205)
TIM1_CCR1L                            5266  WORD  e:\assembler\sessions\test\stm8s105k.asm(206)
TIM1_CCR2H                            5267  WORD  e:\assembler\sessions\test\stm8s105k.asm(207)
TIM1_CCR2L                            5268  WORD  e:\assembler\sessions\test\stm8s105k.asm(208)
TIM1_CCR3H                            5269  WORD  e:\assembler\sessions\test\stm8s105k.asm(209)
TIM1_CCR3L                            526A  WORD  e:\assembler\sessions\test\stm8s105k.asm(210)
TIM1_CCR4H                            526B  WORD  e:\assembler\sessions\test\stm8s105k.asm(211)
TIM1_CCR4L                            526C  WORD  e:\assembler\sessions\test\stm8s105k.asm(212)
TIM1_BKR                              526D  WORD  e:\assembler\sessions\test\stm8s105k.asm(213)
TIM1_DTR                              526E  WORD  e:\assembler\sessions\test\stm8s105k.asm(214)
TIM1_OISR                             526F  WORD  e:\assembler\sessions\test\stm8s105k.asm(215)
TIM2_CR1                              5300  WORD  e:\assembler\sessions\test\stm8s105k.asm(220)
TIM2_IER                              5301  WORD  e:\assembler\sessions\test\stm8s105k.asm(221)
TIM2_SR1                              5302  WORD  e:\assembler\sessions\test\stm8s105k.asm(222)
TIM2_SR2                              5303  WORD  e:\assembler\sessions\test\stm8s105k.asm(223)
TIM2_EGR                              5304  WORD  e:\assembler\sessions\test\stm8s105k.asm(224)
TIM2_CCMR1                            5305  WORD  e:\assembler\sessions\test\stm8s105k.asm(225)
TIM2_CCMR2                            5306  WORD  e:\assembler\sessions\test\stm8s105k.asm(226)
TIM2_CCMR3                            5307  WORD  e:\assembler\sessions\test\stm8s105k.asm(227)
TIM2_CCER1                            5308  WORD  e:\assembler\sessions\test\stm8s105k.asm(228)
TIM2_CCER2                            5309  WORD  e:\assembler\sessions\test\stm8s105k.asm(229)
TIM2_CNTRH                            530A  WORD  e:\assembler\sessions\test\stm8s105k.asm(230)
TIM2_CNTRL                            530B  WORD  e:\assembler\sessions\test\stm8s105k.asm(231)
TIM2_PSCR                             530C  WORD  e:\assembler\sessions\test\stm8s105k.asm(232)
TIM2_ARRH                             530D  WORD  e:\assembler\sessions\test\stm8s105k.asm(233)
TIM2_ARRL                             530E  WORD  e:\assembler\sessions\test\stm8s105k.asm(234)
TIM2_CCR1H                            530F  WORD  e:\assembler\sessions\test\stm8s105k.asm(235)
TIM2_CCR1L                            5310  WORD  e:\assembler\sessions\test\stm8s105k.asm(236)
TIM2_CCR2H                            5311  WORD  e:\assembler\sessions\test\stm8s105k.asm(237)
TIM2_CCR2L                            5312  WORD  e:\assembler\sessions\test\stm8s105k.asm(238)
TIM2_CCR3H                            5313  WORD  e:\assembler\sessions\test\stm8s105k.asm(239)
TIM2_CCR3L                            5314  WORD  e:\assembler\sessions\test\stm8s105k.asm(240)
TIM3_CR1                              5320  WORD  e:\assembler\sessions\test\stm8s105k.asm(245)
TIM3_IER                              5321  WORD  e:\assembler\sessions\test\stm8s105k.asm(246)
TIM3_SR1                              5322  WORD  e:\assembler\sessions\test\stm8s105k.asm(247)
TIM3_SR2                              5323  WORD  e:\assembler\sessions\test\stm8s105k.asm(248)
TIM3_EGR                              5324  WORD  e:\assembler\sessions\test\stm8s105k.asm(249)
TIM3_CCMR1                            5325  WORD  e:\assembler\sessions\test\stm8s105k.asm(250)
TIM3_CCMR2                            5326  WORD  e:\assembler\sessions\test\stm8s105k.asm(251)
TIM3_CCER1                            5327  WORD  e:\assembler\sessions\test\stm8s105k.asm(252)
TIM3_CNTRH                            5328  WORD  e:\assembler\sessions\test\stm8s105k.asm(253)
TIM3_CNTRL                            5329  WORD  e:\assembler\sessions\test\stm8s105k.asm(254)
TIM3_PSCR                             532A  WORD  e:\assembler\sessions\test\stm8s105k.asm(255)
TIM3_ARRH                             532B  WORD  e:\assembler\sessions\test\stm8s105k.asm(256)
TIM3_ARRL                             532C  WORD  e:\assembler\sessions\test\stm8s105k.asm(257)
TIM3_CCR1H                            532D  WORD  e:\assembler\sessions\test\stm8s105k.asm(258)
TIM3_CCR1L                            532E  WORD  e:\assembler\sessions\test\stm8s105k.asm(259)
TIM3_CCR2H                            532F  WORD  e:\assembler\sessions\test\stm8s105k.asm(260)
TIM3_CCR2L                            5330  WORD  e:\assembler\sessions\test\stm8s105k.asm(261)
TIM4_CR1                              5340  WORD  e:\assembler\sessions\test\stm8s105k.asm(266)
TIM4_IER                              5341  WORD  e:\assembler\sessions\test\stm8s105k.asm(267)
TIM4_SR                               5342  WORD  e:\assembler\sessions\test\stm8s105k.asm(268)
TIM4_EGR                              5343  WORD  e:\assembler\sessions\test\stm8s105k.asm(269)
TIM4_CNTR                             5344  WORD  e:\assembler\sessions\test\stm8s105k.asm(270)
TIM4_PSCR                             5345  WORD  e:\assembler\sessions\test\stm8s105k.asm(271)
TIM4_ARR                              5346  WORD  e:\assembler\sessions\test\stm8s105k.asm(272)

UART2_SR                              5240  WORD  e:\assembler\sessions\test\stm8s105k.asm(168)
UART2_DR                              5241  WORD  e:\assembler\sessions\test\stm8s105k.asm(169)
UART2_BRR1                            5242  WORD  e:\assembler\sessions\test\stm8s105k.asm(170)
UART2_BRR2                            5243  WORD  e:\assembler\sessions\test\stm8s105k.asm(171)
UART2_CR1                             5244  WORD  e:\assembler\sessions\test\stm8s105k.asm(172)
UART2_CR2                             5245  WORD  e:\assembler\sessions\test\stm8s105k.asm(173)
UART2_CR3                             5246  WORD  e:\assembler\sessions\test\stm8s105k.asm(174)
UART2_CR4                             5247  WORD  e:\assembler\sessions\test\stm8s105k.asm(175)
UART2_CR5                             5248  WORD  e:\assembler\sessions\test\stm8s105k.asm(176)
UART2_CR6                             5249  WORD  e:\assembler\sessions\test\stm8s105k.asm(177)
UART2_GTR                             524A  WORD  e:\assembler\sessions\test\stm8s105k.asm(178)
UART2_PSCR                            524B  WORD  e:\assembler\sessions\test\stm8s105k.asm(179)

WWDG_CR                               50D1  WORD  e:\assembler\sessions\test\stm8s105k.asm(113)
WWDG_WR                               50D2  WORD  e:\assembler\sessions\test\stm8s105k.asm(114)


218 labels
